running egg_info
creating ../build/gui_control/gui_control.egg-info
writing ../build/gui_control/gui_control.egg-info/PKG-INFO
writing dependency_links to ../build/gui_control/gui_control.egg-info/dependency_links.txt
writing entry points to ../build/gui_control/gui_control.egg-info/entry_points.txt
writing requirements to ../build/gui_control/gui_control.egg-info/requires.txt
writing top-level names to ../build/gui_control/gui_control.egg-info/top_level.txt
writing manifest file '../build/gui_control/gui_control.egg-info/SOURCES.txt'
reading manifest file '../build/gui_control/gui_control.egg-info/SOURCES.txt'
writing manifest file '../build/gui_control/gui_control.egg-info/SOURCES.txt'
running build
running build_py
creating /home/boinggboi/ros2_ws/src/build/gui_control/build
creating /home/boinggboi/ros2_ws/src/build/gui_control/build/lib
creating /home/boinggboi/ros2_ws/src/build/gui_control/build/lib/gui_control
copying gui_control/__init__.py -> /home/boinggboi/ros2_ws/src/build/gui_control/build/lib/gui_control
copying gui_control/gui_node.py -> /home/boinggboi/ros2_ws/src/build/gui_control/build/lib/gui_control
running install
running install_lib
creating /home/boinggboi/ros2_ws/src/install/gui_control/lib/python3.10/site-packages/gui_control
copying /home/boinggboi/ros2_ws/src/build/gui_control/build/lib/gui_control/__init__.py -> /home/boinggboi/ros2_ws/src/install/gui_control/lib/python3.10/site-packages/gui_control
copying /home/boinggboi/ros2_ws/src/build/gui_control/build/lib/gui_control/gui_node.py -> /home/boinggboi/ros2_ws/src/install/gui_control/lib/python3.10/site-packages/gui_control
byte-compiling /home/boinggboi/ros2_ws/src/install/gui_control/lib/python3.10/site-packages/gui_control/__init__.py to __init__.cpython-310.pyc
byte-compiling /home/boinggboi/ros2_ws/src/install/gui_control/lib/python3.10/site-packages/gui_control/gui_node.py to gui_node.cpython-310.pyc
running install_data
creating /home/boinggboi/ros2_ws/src/install/gui_control/share/ament_index
creating /home/boinggboi/ros2_ws/src/install/gui_control/share/ament_index/resource_index
creating /home/boinggboi/ros2_ws/src/install/gui_control/share/ament_index/resource_index/packages
copying resource/gui_control -> /home/boinggboi/ros2_ws/src/install/gui_control/share/ament_index/resource_index/packages
copying package.xml -> /home/boinggboi/ros2_ws/src/install/gui_control/share/gui_control
running install_egg_info
Copying ../build/gui_control/gui_control.egg-info to /home/boinggboi/ros2_ws/src/install/gui_control/lib/python3.10/site-packages/gui_control-0.0.0-py3.10.egg-info
running install_scripts
writing list of installed files to '/home/boinggboi/ros2_ws/src/build/gui_control/install.log'
